// Jest Snapshot v1, https://goo.gl/fbAQLP

exports[`renders correctly 1`] = `
<div>
  Provider - 
  <div>
    New React App
  </div>
</div>
`;
